{
  "name": "invisibility",
  "version": "0.0.0"
}